// Jest Snapshot v1, https://goo.gl/fbAQLP

exports[`match snapshot 1`] = `
@media (min-width:992px) {

}

@media (min-width:992px) {

}

@media (min-width:992px) {

}

@media (min-width:992px) {

}

@media (min-width:992px) {

}

@media (min-width:992px) {

}

<head>
  <style
    data-styled="active"
    data-styled-version="5.2.1"
  >
    html{font-family:"Poppins",sans-serif;font-weight:300;font-size:100%;color:#212121;box-sizing:border-box;}
    html body{margin:0;}
    html h1,html h2,html h3,html h4,html h5,html h6{line-height:1.3;font-weight:700;-webkit-letter-spacing:2px;-moz-letter-spacing:2px;-ms-letter-spacing:2px;letter-spacing:2px;margin-left:0;}
    html h1 strong,html h2 strong,html h3 strong,html h4 strong,html h5 strong,html h6 strong{color:#ffc107;}
    html h1{font-size:2.5rem;}
    @media (min-width:992px){html h1{font-size:3.75rem;}}
    html h2{font-size:2rem;}
    @media (min-width:992px){html h2{font-size:3.125rem;}}
    html h3{font-size:1.9rem;}
    @media (min-width:992px){html h3{font-size:2.5rem;}}
    html h4{font-size:1.3rem;font-weight:600;}
    @media (min-width:992px){html h4{font-size:2.125rem;}}
    html h5{font-size:1.2rem;font-weight:300;}
    @media (min-width:992px){html h5{font-size:1.5rem;}}
    html h6{font-size:1.1.rem;font-weight:600;}
    @media (min-width:992px){html h6{font-size:1.25rem;}}
  </style>
</head>
`;
